---
2019-08-05 08:12:02

---







引用计数法

- 在对象中添加一个引用计数器，当有地方引用这个对象的时候，引用计数器的值就+1，当引用失效的时候，计数器的值就-1；

  - 引用计数法存在一个很大的问题，比如A->B->C->D->B，那么将A置空，按我们理想是回收掉B的时候，后面的也一起回收，但是这时候引用B的计数并不为0，所以无法回收。

  - 测试一下上面的情况

    - **-verbose:gc**   打印垃圾回收简单信息
    - **-xx:+PrintGCDetails**  打印垃圾回收详细信息

    测试循环引用：

    ```java
    public class MyTest33 {
    
        private Object instance;
    
        public MyTest33(){
            byte[] m = new byte[20*1024*1024];
        }
    
        public static void main(String[] args) {
    
            MyTest33 m1 = new MyTest33();
            MyTest33 m2 = new MyTest33();
    
            m1.instance = m2;
            m2.instance = m1;
    
            m1 = null;
            m2 = null;
    
            System.gc();
        }
    
    }
    ```

    输出结果：

    ```
    [GC (System.gc()) [PSYoungGen: 24481K->904K(38400K)] 44961K->21392K(125952K), 0.0015699 secs] [Times: user=0.00 sys=0.00, real=0.00 secs] 
    [Full GC (System.gc()) [PSYoungGen: 904K->0K(38400K)] [ParOldGen: 20488K->832K(87552K)] 21392K->832K(125952K), [Metaspace: 3334K->3334K(1056768K)], 0.0049959 secs] [Times: user=0.00 sys=0.00, real=0.01 secs] 
    Heap
     PSYoungGen      total 38400K, used 222K [0x00000000d5c00000, 0x00000000d8680000, 0x0000000100000000)
      eden space 33280K, 0% used [0x00000000d5c00000,0x00000000d5c378e8,0x00000000d7c80000)
      from space 5120K, 0% used [0x00000000d7c80000,0x00000000d7c80000,0x00000000d8180000)
      to   space 5120K, 0% used [0x00000000d8180000,0x00000000d8180000,0x00000000d8680000)
     ParOldGen       total 87552K, used 832K [0x0000000081400000, 0x0000000086980000, 0x00000000d5c00000)
      object space 87552K, 0% used [0x0000000081400000,0x00000000814d01f0,0x0000000086980000)
     Metaspace       used 3341K, capacity 4496K, committed 4864K, reserved 1056768K
      class space    used 360K, capacity 388K, committed 512K, reserved 1048576K
    ```

    通过结果发现jdk8并不使用这种引用计数法。

  - 







